
> autonomous-shield@1.0.0 test
> vitest run


[1m[46m RUN [49m[22m [36mv4.0.18 [39m[90mC:/defence-survillance-system[39m

 [32mΓ£ô[39m tests/storage.test.ts [2m([22m[2m3 tests[22m[2m)[22m[32m 13[2mms[22m[39m
 [31mΓ¥»[39m tests/api.test.ts [2m([22m[2m3 tests[22m[2m | [22m[31m1 failed[39m[2m)[22m[33m 453[2mms[22m[39m
     [32mΓ£ô[39m GET /api/health should return ok[32m 43[2mms[22m[39m
     [32mΓ£ô[39m GET /api/devices should return list of devices[32m 13[2mms[22m[39m
[31m     [31m├ù[31m POST /api/alerts should create a new alert[39m[32m 46[2mms[22m[39m
node.exe : 
At line:1 char:1
+ & "C:\Admin\js programming\nodejs/node.exe" "C:\Admin\js programming\ ...
+ ~~~~~~~~~~~~~~~~~~~~~~~~~~~~~~~~~~~~~~~~~~~~~~~~~~~~~~~~~~~~~~~~~~~~~
    + CategoryInfo          : NotSpecified: (:String) [], RemoteException
    + FullyQualifiedErrorId : NativeCommandError
 
[31mΓÄ»ΓÄ»ΓÄ»ΓÄ»ΓÄ»ΓÄ»ΓÄ»[39m[1m[41m Failed Tests 1 [49m[22m[31mΓÄ»ΓÄ»ΓÄ»ΓÄ»ΓÄ»ΓÄ»ΓÄ»[39m

[41m[1m FAIL [22m[49m tests/api.test.ts[2m > [22mAPI Integration[2m > [22mPOST /api/alerts should create a new 
alert
[31m[1mAssertionError[22m: Failed with 201: {"title":"API Alert","description":"Created via 
Supertest","severity":"high","status":"active","location":"Server 
Room","metadata":{},"id":4,"timestamp":"2026-02-08T05:34:17.822Z"}: expected 201 to be 200 // Object.is equality[39m

[32m- Expected[39m
[31m+ Received[39m

[32m- 200[39m
[31m+ 201[39m

[36m [2mΓ¥»[22m tests/api.test.ts:[2m53:86[22m[39m
    [90m 51| [39m
    [90m 52| [39m        const res = await request(app).post("/api/alerts").send(newAleΓÇª
    [90m 53| [39m        expect(res.status, `Failed with ${res.status}: ${JSON.stringifΓÇª
    [90m   | [39m                                                                                     [31m^[39m
    [90m 54| [39m        [34mexpect[39m(res[33m.[39mbody[33m.[39mtitle)[33m.[39m[34mtoBe[39m([32m"API 
Alert"[39m)[33m;[39m
    [90m 55| [39m        
[34mexpect[39m(res[33m.[39mbody[33m.[39mid)[33m.[39m[34mtoBeDefined[39m()[33m;[39m

[31m[2mΓÄ»ΓÄ»ΓÄ»ΓÄ»ΓÄ»ΓÄ»ΓÄ»ΓÄ»ΓÄ»ΓÄ»ΓÄ»ΓÄ»ΓÄ»ΓÄ»ΓÄ»ΓÄ»ΓÄ»ΓÄ»ΓÄ»ΓÄ»ΓÄ»ΓÄ»ΓÄ»ΓÄ»[1/1]ΓÄ»[22m[39m


[2m Test Files [22m [1m[31m1 failed[39m[22m[2m | [22m[1m[32m1 passed[39m[22m[90m (2)[39m
[2m      Tests [22m [1m[31m1 failed[39m[22m[2m | [22m[1m[32m5 passed[39m[22m[90m (6)[39m
[2m   Start at [22m 11:04:13
[2m   Duration [22m 4.71s[2m (transform 461ms, setup 0ms, import 4.88s, tests 466ms, environment 1ms)[22m

